.
Entropy = 0.000000 bits per byte.

Optimum compression would reduce the size
of this 0 byte file by 100 percent.

Chi square distribution for 0 samples is -nan, and randomly
would exceed this value nan percent of the times.

Arithmetic mean value of data bytes is -nan (127.5 = random).
Monte Carlo value for Pi is -nan (error nan percent).
Serial correlation coefficient is undefined (all values equal!).
..
Entropy = 0.000000 bits per byte.

Optimum compression would reduce the size
of this 0 byte file by 100 percent.

Chi square distribution for 0 samples is -nan, and randomly
would exceed this value nan percent of the times.

Arithmetic mean value of data bytes is -nan (127.5 = random).
Monte Carlo value for Pi is -nan (error nan percent).
Serial correlation coefficient is undefined (all values equal!).
0K72OfkNRRx3-f0Y6eQKwnjn
Entropy = 6.865654 bits per byte.

Optimum compression would reduce the size
of this 154 byte file by 14 percent.

Chi square distribution for 154 samples is 215.04, and randomly
would exceed this value 96.72 percent of the times.

Arithmetic mean value of data bytes is 126.0000 (127.5 = random).
Monte Carlo value for Pi is 3.680000000 (error 17.14 percent).
Serial correlation coefficient is 0.103804 (totally uncorrelated = 0.0).
27FonaNT2gnNc3voXuKWgEFP4sE9mxg0OZ96NB0x4OcLo-
Entropy = 5.543875 bits per byte.

Optimum compression would reduce the size
of this 56 byte file by 30 percent.

Chi square distribution for 56 samples is 273.14, and randomly
would exceed this value 20.77 percent of the times.

Arithmetic mean value of data bytes is 125.9643 (127.5 = random).
Monte Carlo value for Pi is 1.777777778 (error 43.41 percent).
Serial correlation coefficient is -0.056628 (totally uncorrelated = 0.0).
2VyeljxHWrDX37La6FhUGIJS
Entropy = 6.876100 bits per byte.

Optimum compression would reduce the size
of this 190 byte file by 14 percent.

Chi square distribution for 190 samples is 276.19, and randomly
would exceed this value 17.29 percent of the times.

Arithmetic mean value of data bytes is 130.9368 (127.5 = random).
Monte Carlo value for Pi is 3.096774194 (error 1.43 percent).
Serial correlation coefficient is -0.098433 (totally uncorrelated = 0.0).
3cdBkrRF7R5bYe1ZJ0KYy786
Entropy = 7.630516 bits per byte.

Optimum compression would reduce the size
of this 537 byte file by 4 percent.

Chi square distribution for 537 samples is 247.21, and randomly
would exceed this value 62.51 percent of the times.

Arithmetic mean value of data bytes is 122.1136 (127.5 = random).
Monte Carlo value for Pi is 3.370786517 (error 7.30 percent).
Serial correlation coefficient is -0.017658 (totally uncorrelated = 0.0).
3E2fC7coj5,XQ8LbNXVX9hNFhsqCjD-g3b-7Pb5VJHx3C1
Entropy = 7.470782 bits per byte.

Optimum compression would reduce the size
of this 386 byte file by 6 percent.

Chi square distribution for 386 samples is 249.36, and randomly
would exceed this value 58.79 percent of the times.

Arithmetic mean value of data bytes is 127.9430 (127.5 = random).
Monte Carlo value for Pi is 3.125000000 (error 0.53 percent).
Serial correlation coefficient is 0.012862 (totally uncorrelated = 0.0).
3xB4vSQH-HKVcOMQIs02Qb9,
Entropy = 7.607978 bits per byte.

Optimum compression would reduce the size
of this 560 byte file by 4 percent.

Chi square distribution for 560 samples is 277.49, and randomly
would exceed this value 15.93 percent of the times.

Arithmetic mean value of data bytes is 132.7946 (127.5 = random).
Monte Carlo value for Pi is 3.053763441 (error 2.80 percent).
Serial correlation coefficient is 0.024333 (totally uncorrelated = 0.0).
4J8k09nLNFsb7S-JXkxQffpbCKeKFNJLk6NRQmI11FazC1
Entropy = 7.176259 bits per byte.

Optimum compression would reduce the size
of this 275 byte file by 10 percent.

Chi square distribution for 275 samples is 269.58, and randomly
would exceed this value 25.36 percent of the times.

Arithmetic mean value of data bytes is 131.8109 (127.5 = random).
Monte Carlo value for Pi is 2.666666667 (error 15.12 percent).
Serial correlation coefficient is 0.045661 (totally uncorrelated = 0.0).
5-6yZKVDjG4n-AMPD65LOpz6-kz,ae0p2VOWzCokOwxbt,
Entropy = 7.585875 bits per byte.

Optimum compression would reduce the size
of this 463 byte file by 5 percent.

Chi square distribution for 463 samples is 233.12, and randomly
would exceed this value 83.35 percent of the times.

Arithmetic mean value of data bytes is 132.0346 (127.5 = random).
Monte Carlo value for Pi is 3.064935065 (error 2.44 percent).
Serial correlation coefficient is 0.013258 (totally uncorrelated = 0.0).
5FTRnQDoLdRfOEPkrhM2L29P
Entropy = 7.899161 bits per byte.

Optimum compression would reduce the size
of this 2169 byte file by 1 percent.

Chi square distribution for 2169 samples is 299.53, and randomly
would exceed this value 2.89 percent of the times.

Arithmetic mean value of data bytes is 127.9562 (127.5 = random).
Monte Carlo value for Pi is 3.113573407 (error 0.89 percent).
Serial correlation coefficient is -0.052013 (totally uncorrelated = 0.0).
5IUA28wOw0wwBs8rP5xjkFSs
Entropy = 7.209697 bits per byte.

Optimum compression would reduce the size
of this 238 byte file by 9 percent.

Chi square distribution for 238 samples is 218.07, and randomly
would exceed this value 95.47 percent of the times.

Arithmetic mean value of data bytes is 128.4958 (127.5 = random).
Monte Carlo value for Pi is 3.384615385 (error 7.74 percent).
Serial correlation coefficient is 0.014689 (totally uncorrelated = 0.0).
6R1rXixtFRQ5c9ScY8MBQ1Rg
Entropy = 7.863815 bits per byte.

Optimum compression would reduce the size
of this 1277 byte file by 1 percent.

Chi square distribution for 1277 samples is 225.12, and randomly
would exceed this value 91.13 percent of the times.

Arithmetic mean value of data bytes is 129.0102 (127.5 = random).
Monte Carlo value for Pi is 3.150943396 (error 0.30 percent).
Serial correlation coefficient is 0.013658 (totally uncorrelated = 0.0).
7-dPsi7efZRoXkZ5oz1AxVd-Q,L05rofx0Mx8N2dQyUNA,
Entropy = 6.352019 bits per byte.

Optimum compression would reduce the size
of this 108 byte file by 20 percent.

Chi square distribution for 108 samples is 257.04, and randomly
would exceed this value 45.25 percent of the times.

Arithmetic mean value of data bytes is 120.6944 (127.5 = random).
Monte Carlo value for Pi is 3.333333333 (error 6.10 percent).
Serial correlation coefficient is 0.075634 (totally uncorrelated = 0.0).
7zivDbWdbySIQARaHlm3NbC-7dUYF-rpYHSQqLNuHTVVN1
Entropy = 7.880995 bits per byte.

Optimum compression would reduce the size
of this 1339 byte file by 1 percent.

Chi square distribution for 1339 samples is 214.02, and randomly
would exceed this value 97.08 percent of the times.

Arithmetic mean value of data bytes is 129.2845 (127.5 = random).
Monte Carlo value for Pi is 2.977578475 (error 5.22 percent).
Serial correlation coefficient is 0.032220 (totally uncorrelated = 0.0).
8CBL-MBKTDMgB6AT2nfWfq-e
Entropy = 7.852249 bits per byte.

Optimum compression would reduce the size
of this 1050 byte file by 1 percent.

Chi square distribution for 1050 samples is 193.92, and randomly
would exceed this value 99.83 percent of the times.

Arithmetic mean value of data bytes is 125.4505 (127.5 = random).
Monte Carlo value for Pi is 3.040000000 (error 3.23 percent).
Serial correlation coefficient is 0.026993 (totally uncorrelated = 0.0).
8e6TAzw0xs2LVxgohuXHhWjM
Entropy = 4.720050 bits per byte.

Optimum compression would reduce the size
of this 29 byte file by 40 percent.

Chi square distribution for 29 samples is 262.31, and randomly
would exceed this value 36.31 percent of the times.

Arithmetic mean value of data bytes is 128.0690 (127.5 = random).
Monte Carlo value for Pi is 3.000000000 (error 4.51 percent).
Serial correlation coefficient is 0.098313 (totally uncorrelated = 0.0).
8XDA,IOhFFlhh120yl54Q0da
Entropy = 6.785660 bits per byte.

Optimum compression would reduce the size
of this 152 byte file by 15 percent.

Chi square distribution for 152 samples is 235.37, and randomly
would exceed this value 80.59 percent of the times.

Arithmetic mean value of data bytes is 136.0789 (127.5 = random).
Monte Carlo value for Pi is 3.040000000 (error 3.23 percent).
Serial correlation coefficient is -0.071755 (totally uncorrelated = 0.0).
9F9Y,UITgMo5zsWaP1TwmOm8EvDCWwUZurrL0TwjR,Gxl0
Entropy = 7.964372 bits per byte.

Optimum compression would reduce the size
of this 5721 byte file by 0 percent.

Chi square distribution for 5721 samples is 273.05, and randomly
would exceed this value 20.88 percent of the times.

Arithmetic mean value of data bytes is 126.4997 (127.5 = random).
Monte Carlo value for Pi is 3.152151102 (error 0.34 percent).
Serial correlation coefficient is -0.008227 (totally uncorrelated = 0.0).
A4qOD1nvqe9JgKnslwk1sUzO
Entropy = 7.940262 bits per byte.

Optimum compression would reduce the size
of this 2980 byte file by 0 percent.

Chi square distribution for 2980 samples is 244.23, and randomly
would exceed this value 67.52 percent of the times.

Arithmetic mean value of data bytes is 127.0456 (127.5 = random).
Monte Carlo value for Pi is 3.169354839 (error 0.88 percent).
Serial correlation coefficient is -0.019129 (totally uncorrelated = 0.0).
a4zdmLrBYDC24s9Z59y-Pwa2
Entropy = 7.834932 bits per byte.

Optimum compression would reduce the size
of this 1138 byte file by 2 percent.

Chi square distribution for 1138 samples is 252.23, and randomly
would exceed this value 53.73 percent of the times.

Arithmetic mean value of data bytes is 126.8568 (127.5 = random).
Monte Carlo value for Pi is 3.111111111 (error 0.97 percent).
Serial correlation coefficient is -0.039853 (totally uncorrelated = 0.0).
Acv0PEQX8vs-KdK307QNHaiF
Entropy = 7.506422 bits per byte.

Optimum compression would reduce the size
of this 443 byte file by 6 percent.

Chi square distribution for 443 samples is 260.28, and randomly
would exceed this value 39.68 percent of the times.

Arithmetic mean value of data bytes is 124.9774 (127.5 = random).
Monte Carlo value for Pi is 2.958904110 (error 5.82 percent).
Serial correlation coefficient is -0.002361 (totally uncorrelated = 0.0).
B6J5M3OP0X7W25ITnaZX753T
Entropy = 7.771276 bits per byte.

Optimum compression would reduce the size
of this 935 byte file by 2 percent.

Chi square distribution for 935 samples is 270.53, and randomly
would exceed this value 24.09 percent of the times.

Arithmetic mean value of data bytes is 126.5743 (127.5 = random).
Monte Carlo value for Pi is 3.045161290 (error 3.07 percent).
Serial correlation coefficient is 0.030389 (totally uncorrelated = 0.0).
c9w3APbCYWfWLsq7NFOdjQpA
Entropy = 7.952778 bits per byte.

Optimum compression would reduce the size
of this 3643 byte file by 0 percent.

Chi square distribution for 3643 samples is 239.30, and randomly
would exceed this value 75.18 percent of the times.

Arithmetic mean value of data bytes is 126.7099 (127.5 = random).
Monte Carlo value for Pi is 3.222405272 (error 2.57 percent).
Serial correlation coefficient is -0.007782 (totally uncorrelated = 0.0).
,CBjPJW4EGlcqwZW4nmVqBA6
Entropy = 7.190787 bits per byte.

Optimum compression would reduce the size
of this 288 byte file by 10 percent.

Chi square distribution for 288 samples is 291.56, and randomly
would exceed this value 5.75 percent of the times.

Arithmetic mean value of data bytes is 129.7500 (127.5 = random).
Monte Carlo value for Pi is 3.166666667 (error 0.80 percent).
Serial correlation coefficient is 0.070418 (totally uncorrelated = 0.0).
Chlsy5ahvpl5Q0o3hMyUIlNwJbiNG99DxXJeR5vXXFgHC1
Entropy = 7.888844 bits per byte.

Optimum compression would reduce the size
of this 1521 byte file by 1 percent.

Chi square distribution for 1521 samples is 227.58, and randomly
would exceed this value 89.08 percent of the times.

Arithmetic mean value of data bytes is 127.1769 (127.5 = random).
Monte Carlo value for Pi is 3.177865613 (error 1.15 percent).
Serial correlation coefficient is -0.049672 (totally uncorrelated = 0.0).
cwJnkiUiyfhynK2CvJT7rbUrS3AEJipP7zhItWiLcRVSA1
Entropy = 7.464747 bits per byte.

Optimum compression would reduce the size
of this 332 byte file by 6 percent.

Chi square distribution for 332 samples is 203.13, and randomly
would exceed this value 99.27 percent of the times.

Arithmetic mean value of data bytes is 125.3916 (127.5 = random).
Monte Carlo value for Pi is 2.981818182 (error 5.09 percent).
Serial correlation coefficient is -0.063610 (totally uncorrelated = 0.0).
dF2GU58wFl3x5R7aDE6QEnDj
Entropy = 7.928036 bits per byte.

Optimum compression would reduce the size
of this 2592 byte file by 0 percent.

Chi square distribution for 2592 samples is 253.43, and randomly
would exceed this value 51.60 percent of the times.

Arithmetic mean value of data bytes is 129.2400 (127.5 = random).
Monte Carlo value for Pi is 3.074074074 (error 2.15 percent).
Serial correlation coefficient is -0.014151 (totally uncorrelated = 0.0).
dNTEvgsjgG6lKBr8ev8Dw,p7
Entropy = 7.824802 bits per byte.

Optimum compression would reduce the size
of this 1268 byte file by 2 percent.

Chi square distribution for 1268 samples is 290.21, and randomly
would exceed this value 6.40 percent of the times.

Arithmetic mean value of data bytes is 128.7334 (127.5 = random).
Monte Carlo value for Pi is 2.976303318 (error 5.26 percent).
Serial correlation coefficient is -0.016019 (totally uncorrelated = 0.0).
ECXONXBBRwhb5tYOIcjjFZzh
Entropy = 7.915591 bits per byte.

Optimum compression would reduce the size
of this 2359 byte file by 1 percent.

Chi square distribution for 2359 samples is 267.96, and randomly
would exceed this value 27.64 percent of the times.

Arithmetic mean value of data bytes is 128.0504 (127.5 = random).
Monte Carlo value for Pi is 3.104325700 (error 1.19 percent).
Serial correlation coefficient is 0.014505 (totally uncorrelated = 0.0).
.encfs6.xml
Entropy = 4.994953 bits per byte.

Optimum compression would reduce the size
of this 1297 byte file by 37 percent.

Chi square distribution for 1297 samples is 19322.55, and randomly
would exceed this value less than 0.01 percent of the times.

Arithmetic mean value of data bytes is 76.2521 (127.5 = random).
Monte Carlo value for Pi is 4.000000000 (error 27.32 percent).
Serial correlation coefficient is 0.700809 (totally uncorrelated = 0.0).
ent.lst
Entropy = 5.046939 bits per byte.

Optimum compression would reduce the size
of this 14319 byte file by 36 percent.

Chi square distribution for 14319 samples is 153791.51, and randomly
would exceed this value less than 0.01 percent of the times.

Arithmetic mean value of data bytes is 83.3180 (127.5 = random).
Monte Carlo value for Pi is 4.000000000 (error 27.32 percent).
Serial correlation coefficient is 0.296102 (totally uncorrelated = 0.0).
F4F9opY2nhVVnRgiQ,OUs-Y0
Entropy = 7.862068 bits per byte.

Optimum compression would reduce the size
of this 1464 byte file by 1 percent.

Chi square distribution for 1464 samples is 281.14, and randomly
would exceed this value 12.52 percent of the times.

Arithmetic mean value of data bytes is 126.8538 (127.5 = random).
Monte Carlo value for Pi is 3.065573770 (error 2.42 percent).
Serial correlation coefficient is 0.058114 (totally uncorrelated = 0.0).
FGZsMmjhKz7CJ2r-OjxkdOfKdEip4Gx2vCDI24GXSF5eB1
Entropy = 7.415004 bits per byte.

Optimum compression would reduce the size
of this 354 byte file by 7 percent.

Chi square distribution for 354 samples is 249.12, and randomly
would exceed this value 59.21 percent of the times.

Arithmetic mean value of data bytes is 123.9520 (127.5 = random).
Monte Carlo value for Pi is 3.118644068 (error 0.73 percent).
Serial correlation coefficient is -0.067223 (totally uncorrelated = 0.0).
-FjZ6-6,Fa,tMvlDsuVAO7ek
ent --  Calculate entropy of file.  Call
        with ent [options] [input-file]

        Options:   -b   Treat input as a stream of bits
                   -c   Print occurrence counts
                   -f   Fold upper to lower case letters
                   -t   Terse output in CSV format
                   -u   Print this message

By John Walker
   http://www.fourmilab.ch/
   January 28th, 2008
FSXWRSwW6vOvJ0ExPK0fXJ6F
Entropy = 7.945788 bits per byte.

Optimum compression would reduce the size
of this 3275 byte file by 0 percent.

Chi square distribution for 3275 samples is 248.42, and randomly
would exceed this value 60.42 percent of the times.

Arithmetic mean value of data bytes is 128.0885 (127.5 = random).
Monte Carlo value for Pi is 2.987155963 (error 4.92 percent).
Serial correlation coefficient is -0.004448 (totally uncorrelated = 0.0).
gK5Z2BBMSh9iFyCFfIthbkQ6
Entropy = 7.489929 bits per byte.

Optimum compression would reduce the size
of this 422 byte file by 6 percent.

Chi square distribution for 422 samples is 242.87, and randomly
would exceed this value 69.71 percent of the times.

Arithmetic mean value of data bytes is 128.8318 (127.5 = random).
Monte Carlo value for Pi is 3.257142857 (error 3.68 percent).
Serial correlation coefficient is 0.022547 (totally uncorrelated = 0.0).
gRhKiGIEm4SvYkTCLlOQPeh-
Entropy = 7.918457 bits per byte.

Optimum compression would reduce the size
of this 2359 byte file by 1 percent.

Chi square distribution for 2359 samples is 264.92, and randomly
would exceed this value 32.17 percent of the times.

Arithmetic mean value of data bytes is 128.2395 (127.5 = random).
Monte Carlo value for Pi is 3.134860051 (error 0.21 percent).
Serial correlation coefficient is 0.008964 (totally uncorrelated = 0.0).
hqZXaSCJi-Jso02DJlwCtYoz
Entropy = 7.905615 bits per byte.

Optimum compression would reduce the size
of this 1996 byte file by 1 percent.

Chi square distribution for 1996 samples is 260.03, and randomly
would exceed this value 40.10 percent of the times.

Arithmetic mean value of data bytes is 128.4474 (127.5 = random).
Monte Carlo value for Pi is 3.024096386 (error 3.74 percent).
Serial correlation coefficient is 0.043879 (totally uncorrelated = 0.0).
iaDKfUAHJmdqTDVZsmCIS,Bn
Entropy = 7.919490 bits per byte.

Optimum compression would reduce the size
of this 1883 byte file by 1 percent.

Chi square distribution for 1883 samples is 207.01, and randomly
would exceed this value 98.76 percent of the times.

Arithmetic mean value of data bytes is 125.3022 (127.5 = random).
Monte Carlo value for Pi is 3.220447284 (error 2.51 percent).
Serial correlation coefficient is -0.031603 (totally uncorrelated = 0.0).
IymL3QugM,XxLuKEdwJJOOpi
Entropy = 6.204015 bits per byte.

Optimum compression would reduce the size
of this 95 byte file by 22 percent.

Chi square distribution for 95 samples is 268.79, and randomly
would exceed this value 26.46 percent of the times.

Arithmetic mean value of data bytes is 138.2526 (127.5 = random).
Monte Carlo value for Pi is 2.133333333 (error 32.09 percent).
Serial correlation coefficient is -0.065048 (totally uncorrelated = 0.0).
jIY9q65HMBxJqUW48LJIc,Fj
Entropy = 7.955585 bits per byte.

Optimum compression would reduce the size
of this 4572 byte file by 0 percent.

Chi square distribution for 4572 samples is 283.83, and randomly
would exceed this value 10.37 percent of the times.

Arithmetic mean value of data bytes is 126.5881 (127.5 = random).
Monte Carlo value for Pi is 3.191601050 (error 1.59 percent).
Serial correlation coefficient is 0.011026 (totally uncorrelated = 0.0).
Kb-,NDTgYevHOGdHCYsSQhhIHrUGjiM6i2JZcl,-PKAJm0
Entropy = 6.670622 bits per byte.

Optimum compression would reduce the size
of this 158 byte file by 16 percent.

Chi square distribution for 158 samples is 276.23, and randomly
would exceed this value 17.25 percent of the times.

Arithmetic mean value of data bytes is 124.2911 (127.5 = random).
Monte Carlo value for Pi is 2.923076923 (error 6.96 percent).
Serial correlation coefficient is 0.046703 (totally uncorrelated = 0.0).
kdJ5whfqyrkk6avAhlX-x0kh
Entropy = 7.960966 bits per byte.

Optimum compression would reduce the size
of this 5068 byte file by 0 percent.

Chi square distribution for 5068 samples is 273.45, and randomly
would exceed this value 20.40 percent of the times.

Arithmetic mean value of data bytes is 126.6034 (127.5 = random).
Monte Carlo value for Pi is 3.208530806 (error 2.13 percent).
Serial correlation coefficient is -0.006120 (totally uncorrelated = 0.0).
kheep9TIpbbdwNSfmNU1QNk-
Entropy = 7.638044 bits per byte.

Optimum compression would reduce the size
of this 657 byte file by 4 percent.

Chi square distribution for 657 samples is 295.69, and randomly
would exceed this value 4.06 percent of the times.

Arithmetic mean value of data bytes is 131.9285 (127.5 = random).
Monte Carlo value for Pi is 2.899082569 (error 7.72 percent).
Serial correlation coefficient is 0.026276 (totally uncorrelated = 0.0).
Kpo3MHQxksW2uYX79XngQu-f
Entropy = 7.539348 bits per byte.

Optimum compression would reduce the size
of this 518 byte file by 5 percent.

Chi square distribution for 518 samples is 284.59, and randomly
would exceed this value 9.81 percent of the times.

Arithmetic mean value of data bytes is 127.9208 (127.5 = random).
Monte Carlo value for Pi is 3.255813953 (error 3.64 percent).
Serial correlation coefficient is 0.057861 (totally uncorrelated = 0.0).
KPYfvxIoOlrRjTY18zi8Wne-
Entropy = 7.456589 bits per byte.

Optimum compression would reduce the size
of this 340 byte file by 6 percent.

Chi square distribution for 340 samples is 214.16, and randomly
would exceed this value 97.03 percent of the times.

Arithmetic mean value of data bytes is 121.1382 (127.5 = random).
Monte Carlo value for Pi is 3.285714286 (error 4.59 percent).
Serial correlation coefficient is 0.076896 (totally uncorrelated = 0.0).
KtFc,DR7HqmGdPOkM2CpLaM9
Entropy = 7.856325 bits per byte.

Optimum compression would reduce the size
of this 1448 byte file by 1 percent.

Chi square distribution for 1448 samples is 275.40, and randomly
would exceed this value 18.15 percent of the times.

Arithmetic mean value of data bytes is 129.1153 (127.5 = random).
Monte Carlo value for Pi is 3.153526971 (error 0.38 percent).
Serial correlation coefficient is -0.041594 (totally uncorrelated = 0.0).
l,LY6YoFepcaLg67YoILNGg0
Entropy = 7.687554 bits per byte.

Optimum compression would reduce the size
of this 612 byte file by 3 percent.

Chi square distribution for 612 samples is 235.48, and randomly
would exceed this value 80.45 percent of the times.

Arithmetic mean value of data bytes is 122.7353 (127.5 = random).
Monte Carlo value for Pi is 3.294117647 (error 4.86 percent).
Serial correlation coefficient is 0.050063 (totally uncorrelated = 0.0).
lWiv4yDEUfliy,Znm17Al41zi0BbMtCbN8wK4gHc333mt,
Entropy = 5.229871 bits per byte.

Optimum compression would reduce the size
of this 46 byte file by 34 percent.

Chi square distribution for 46 samples is 299.04, and randomly
would exceed this value 3.02 percent of the times.

Arithmetic mean value of data bytes is 121.1087 (127.5 = random).
Monte Carlo value for Pi is 3.428571429 (error 9.13 percent).
Serial correlation coefficient is -0.036684 (totally uncorrelated = 0.0).
mMGincizgMjpsBjkhWq-Oy0D
Entropy = 7.886423 bits per byte.

Optimum compression would reduce the size
of this 1636 byte file by 1 percent.

Chi square distribution for 1636 samples is 248.32, and randomly
would exceed this value 60.59 percent of the times.

Arithmetic mean value of data bytes is 128.1161 (127.5 = random).
Monte Carlo value for Pi is 3.102941176 (error 1.23 percent).
Serial correlation coefficient is -0.017699 (totally uncorrelated = 0.0).
Mv5TtpmUNnVl-fgqQeYAy8uu
Entropy = 7.708083 bits per byte.

Optimum compression would reduce the size
of this 714 byte file by 3 percent.

Chi square distribution for 714 samples is 273.43, and randomly
would exceed this value 20.43 percent of the times.

Arithmetic mean value of data bytes is 129.2059 (127.5 = random).
Monte Carlo value for Pi is 3.092436975 (error 1.56 percent).
Serial correlation coefficient is -0.007300 (totally uncorrelated = 0.0).
MxgjShAeN6AmkH2tQAsfaj6C
Entropy = 7.323533 bits per byte.

Optimum compression would reduce the size
of this 289 byte file by 8 percent.

Chi square distribution for 289 samples is 239.83, and randomly
would exceed this value 74.40 percent of the times.

Arithmetic mean value of data bytes is 129.0727 (127.5 = random).
Monte Carlo value for Pi is 2.833333333 (error 9.81 percent).
Serial correlation coefficient is 0.049039 (totally uncorrelated = 0.0).
Ni8LDatT134DF6hhQf5ESpo5
Entropy = 7.954955 bits per byte.

Optimum compression would reduce the size
of this 4499 byte file by 0 percent.

Chi square distribution for 4499 samples is 267.36, and randomly
would exceed this value 28.50 percent of the times.

Arithmetic mean value of data bytes is 126.9540 (127.5 = random).
Monte Carlo value for Pi is 3.214953271 (error 2.34 percent).
Serial correlation coefficient is 0.011001 (totally uncorrelated = 0.0).
Nlne5rpWkOxkPNC15SEeJ8g,
Entropy = 7.914737 bits per byte.

Optimum compression would reduce the size
of this 2187 byte file by 1 percent.

Chi square distribution for 2187 samples is 257.93, and randomly
would exceed this value 43.69 percent of the times.

Arithmetic mean value of data bytes is 127.1440 (127.5 = random).
Monte Carlo value for Pi is 3.065934066 (error 2.41 percent).
Serial correlation coefficient is 0.007957 (totally uncorrelated = 0.0).
OFG2vAoaW3Tvv1X2J5fy4UV8
Entropy = 7.010849 bits per byte.

Optimum compression would reduce the size
of this 199 byte file by 12 percent.

Chi square distribution for 199 samples is 237.10, and randomly
would exceed this value 78.30 percent of the times.

Arithmetic mean value of data bytes is 125.4171 (127.5 = random).
Monte Carlo value for Pi is 3.393939394 (error 8.03 percent).
Serial correlation coefficient is -0.001709 (totally uncorrelated = 0.0).
oPu0EVyHA6,KmoI1T,LTs83x
Entropy = 7.905063 bits per byte.

Optimum compression would reduce the size
of this 1743 byte file by 1 percent.

Chi square distribution for 1743 samples is 223.49, and randomly
would exceed this value 92.33 percent of the times.

Arithmetic mean value of data bytes is 127.0247 (127.5 = random).
Monte Carlo value for Pi is 3.255172414 (error 3.62 percent).
Serial correlation coefficient is 0.002882 (totally uncorrelated = 0.0).
OvBqims-kvgGyJJqZ59IbGfy
Entropy = 7.776546 bits per byte.

Optimum compression would reduce the size
of this 914 byte file by 2 percent.

Chi square distribution for 914 samples is 252.28, and randomly
would exceed this value 53.63 percent of the times.

Arithmetic mean value of data bytes is 125.4923 (127.5 = random).
Monte Carlo value for Pi is 3.131578947 (error 0.32 percent).
Serial correlation coefficient is -0.018226 (totally uncorrelated = 0.0).
pfTT,nZnCUFzyPPOeX9NwQVo
Entropy = 5.532076 bits per byte.

Optimum compression would reduce the size
of this 52 byte file by 30 percent.

Chi square distribution for 52 samples is 253.23, and randomly
would exceed this value 51.95 percent of the times.

Arithmetic mean value of data bytes is 141.1731 (127.5 = random).
Monte Carlo value for Pi is 3.000000000 (error 4.51 percent).
Serial correlation coefficient is 0.015583 (totally uncorrelated = 0.0).
pn6YPUx69xqxRXKqg5B5D2ON
Entropy = 7.812896 bits per byte.

Optimum compression would reduce the size
of this 1050 byte file by 2 percent.

Chi square distribution for 1050 samples is 253.89, and randomly
would exceed this value 50.78 percent of the times.

Arithmetic mean value of data bytes is 126.0467 (127.5 = random).
Monte Carlo value for Pi is 3.177142857 (error 1.13 percent).
Serial correlation coefficient is 0.014740 (totally uncorrelated = 0.0).
q5RFgoRK2Ttl3U5W8fjtyriX
Entropy = 7.645107 bits per byte.

Optimum compression would reduce the size
of this 650 byte file by 4 percent.

Chi square distribution for 650 samples is 280.26, and randomly
would exceed this value 13.28 percent of the times.

Arithmetic mean value of data bytes is 123.3600 (127.5 = random).
Monte Carlo value for Pi is 3.222222222 (error 2.57 percent).
Serial correlation coefficient is 0.028317 (totally uncorrelated = 0.0).
qeHNkZencKDjkr3R746ZzO5K
Entropy = 7.666026 bits per byte.

Optimum compression would reduce the size
of this 660 byte file by 4 percent.

Chi square distribution for 660 samples is 277.89, and randomly
would exceed this value 15.53 percent of the times.

Arithmetic mean value of data bytes is 122.2348 (127.5 = random).
Monte Carlo value for Pi is 3.418181818 (error 8.80 percent).
Serial correlation coefficient is -0.033878 (totally uncorrelated = 0.0).
sfT89u8dsEY4n99lNsUFOwki
Entropy = 7.749516 bits per byte.

Optimum compression would reduce the size
of this 820 byte file by 3 percent.

Chi square distribution for 820 samples is 270.19, and randomly
would exceed this value 24.54 percent of the times.

Arithmetic mean value of data bytes is 133.1427 (127.5 = random).
Monte Carlo value for Pi is 3.352941176 (error 6.73 percent).
Serial correlation coefficient is 0.035252 (totally uncorrelated = 0.0).
sNiR-scp-DZrXHg4coa9KBmZ
Entropy = 7.934424 bits per byte.

Optimum compression would reduce the size
of this 2977 byte file by 0 percent.

Chi square distribution for 2977 samples is 266.38, and randomly
would exceed this value 29.94 percent of the times.

Arithmetic mean value of data bytes is 128.5334 (127.5 = random).
Monte Carlo value for Pi is 3.193548387 (error 1.65 percent).
Serial correlation coefficient is -0.010883 (totally uncorrelated = 0.0).
StlxkG05UY9zWNHBhXxukuP9
Entropy = 7.484700 bits per byte.

Optimum compression would reduce the size
of this 427 byte file by 6 percent.

Chi square distribution for 427 samples is 270.26, and randomly
would exceed this value 24.45 percent of the times.

Arithmetic mean value of data bytes is 129.1967 (127.5 = random).
Monte Carlo value for Pi is 2.647887324 (error 15.72 percent).
Serial correlation coefficient is 0.041139 (totally uncorrelated = 0.0).
TZGfSHeAM42o9TgjGUdOSdrd
Entropy = 3.969816 bits per byte.

Optimum compression would reduce the size
of this 17 byte file by 50 percent.

Chi square distribution for 17 samples is 269.12, and randomly
would exceed this value 26.00 percent of the times.

Arithmetic mean value of data bytes is 126.8824 (127.5 = random).
Monte Carlo value for Pi is 2.000000000 (error 36.34 percent).
Serial correlation coefficient is -0.319838 (totally uncorrelated = 0.0).
uEtPZwC2tjaQELJmnNRTCLYU
Entropy = 7.109168 bits per byte.

Optimum compression would reduce the size
of this 254 byte file by 11 percent.

Chi square distribution for 254 samples is 294.28, and randomly
would exceed this value 4.58 percent of the times.

Arithmetic mean value of data bytes is 124.5039 (127.5 = random).
Monte Carlo value for Pi is 2.857142857 (error 9.05 percent).
Serial correlation coefficient is -0.094807 (totally uncorrelated = 0.0).
vCsXjR1qQmPO5g3P3kiFyO84
Entropy = 6.984037 bits per byte.

Optimum compression would reduce the size
of this 203 byte file by 12 percent.

Chi square distribution for 203 samples is 254.77, and randomly
would exceed this value 49.22 percent of the times.

Arithmetic mean value of data bytes is 126.8276 (127.5 = random).
Monte Carlo value for Pi is 3.151515152 (error 0.32 percent).
Serial correlation coefficient is -0.012373 (totally uncorrelated = 0.0).
VQjGnKU1puKhF6pQG1aah6rc
Entropy = 7.999465 bits per byte.

Optimum compression would reduce the size
of this 316561 byte file by 0 percent.

Chi square distribution for 316561 samples is 234.57, and randomly
would exceed this value 81.60 percent of the times.

Arithmetic mean value of data bytes is 127.2799 (127.5 = random).
Monte Carlo value for Pi is 3.158756634 (error 0.55 percent).
Serial correlation coefficient is 0.005685 (totally uncorrelated = 0.0).
W5,ILrUB4dBVW-Jby5AUcGsz
Entropy = 7.913633 bits per byte.

Optimum compression would reduce the size
of this 2049 byte file by 1 percent.

Chi square distribution for 2049 samples is 242.76, and randomly
would exceed this value 69.90 percent of the times.

Arithmetic mean value of data bytes is 126.3372 (127.5 = random).
Monte Carlo value for Pi is 3.108504399 (error 1.05 percent).
Serial correlation coefficient is -0.024226 (totally uncorrelated = 0.0).
waEzfb8hYE47wHeslfs1MvYdVxqTtQ8XGshJssXMmvOsZLhtJWWRX31cBfhdVygrCV5
Entropy = 7.692077 bits per byte.

Optimum compression would reduce the size
of this 670 byte file by 3 percent.

Chi square distribution for 670 samples is 253.13, and randomly
would exceed this value 52.13 percent of the times.

Arithmetic mean value of data bytes is 122.0851 (127.5 = random).
Monte Carlo value for Pi is 3.495495495 (error 11.27 percent).
Serial correlation coefficient is -0.006138 (totally uncorrelated = 0.0).
Wr0grx0GnkLFl8qT3L0CyTE6
Entropy = 7.663192 bits per byte.

Optimum compression would reduce the size
of this 685 byte file by 4 percent.

Chi square distribution for 685 samples is 286.31, and randomly
would exceed this value 8.65 percent of the times.

Arithmetic mean value of data bytes is 132.5212 (127.5 = random).
Monte Carlo value for Pi is 3.017543860 (error 3.95 percent).
Serial correlation coefficient is -0.070990 (totally uncorrelated = 0.0).
X93-uArUSTL,kiJpOeovWTaP
Entropy = 7.774360 bits per byte.

Optimum compression would reduce the size
of this 798 byte file by 2 percent.

Chi square distribution for 798 samples is 229.21, and randomly
would exceed this value 87.56 percent of the times.

Arithmetic mean value of data bytes is 124.5388 (127.5 = random).
Monte Carlo value for Pi is 3.218045113 (error 2.43 percent).
Serial correlation coefficient is -0.025700 (totally uncorrelated = 0.0).
Ya30M5le2NKbF6rD-qD3M-7t
Entropy = 7.903484 bits per byte.

Optimum compression would reduce the size
of this 1591 byte file by 1 percent.

Chi square distribution for 1591 samples is 205.18, and randomly
would exceed this value 99.03 percent of the times.

Arithmetic mean value of data bytes is 126.0214 (127.5 = random).
Monte Carlo value for Pi is 3.109433962 (error 1.02 percent).
Serial correlation coefficient is 0.037566 (totally uncorrelated = 0.0).
Yw0UEJYKN,Hjf-QGqo3WObHy
Entropy = 7.896295 bits per byte.

Optimum compression would reduce the size
of this 1897 byte file by 1 percent.

Chi square distribution for 1897 samples is 265.84, and randomly
would exceed this value 30.75 percent of the times.

Arithmetic mean value of data bytes is 125.4797 (127.5 = random).
Monte Carlo value for Pi is 3.202531646 (error 1.94 percent).
Serial correlation coefficient is 0.006685 (totally uncorrelated = 0.0).
Z8,hYzUjW0GnBk1JP,8ghCsC
Entropy = 6.622932 bits per byte.

Optimum compression would reduce the size
of this 128 byte file by 17 percent.

Chi square distribution for 128 samples is 232.00, and randomly
would exceed this value 84.64 percent of the times.

Arithmetic mean value of data bytes is 131.3047 (127.5 = random).
Monte Carlo value for Pi is 3.428571429 (error 9.13 percent).
Serial correlation coefficient is -0.127726 (totally uncorrelated = 0.0).
ZvkMNEBKPRpOHbGoefPa737T
Entropy = 5.249460 bits per byte.

Optimum compression would reduce the size
of this 42 byte file by 34 percent.

Chi square distribution for 42 samples is 250.57, and randomly
would exceed this value 56.66 percent of the times.

Arithmetic mean value of data bytes is 127.2381 (127.5 = random).
Monte Carlo value for Pi is 4.000000000 (error 27.32 percent).
Serial correlation coefficient is 0.115361 (totally uncorrelated = 0.0).
ZXUUpn9SCTerl0dinZQYwxrx
Entropy = 7.933499 bits per byte.

Optimum compression would reduce the size
of this 2989 byte file by 0 percent.

Chi square distribution for 2989 samples is 272.88, and randomly
would exceed this value 21.09 percent of the times.

Arithmetic mean value of data bytes is 127.1730 (127.5 = random).
Monte Carlo value for Pi is 3.076305221 (error 2.08 percent).
Serial correlation coefficient is 0.002276 (totally uncorrelated = 0.0).
