$MACHINE.ACC
abbye.gomez
abdalla.lang
abigale.giles
abra.washington
abriel.donaldson
accounting.ramirez
ada.bass
adair.meyer
adalyn.house
addia.duran
ade.kirk
adele.martinez
adelheid.oneill
adel.ray
adey.ochoa
adie.trevino
Administrator
adore.waller
adrien.morse
advance.whitaker
aeryn.mccarthy
afke.tucker
afton.cook
ag.carlson
agenia.moore
ahmad.king
ahmet.morse
aila.mccray
aile.chen
aime.marks
aindrea.brock
aine.stafford
ainslee.mcfarland
ainslie.ford
ajay.mcdonald
akira.hancock
akshay.hodge
alayna.miller
albert.york
albie.petty
albus.vaughn
alec.obrien
aleen.mcconnell
alena.melton
alen.hoover
alethea.ellison
alexandra.fields
alexina.tucker
alexus.suarez
alfonse.powers
alfred.lowery
alika.mccray
aline.cohen
alis.copeland
ali.scott
alison.hardy
allie.patton
allyce.cooper
allyson.lynn
almeda.booth
alois.michael
aloysius.valentine
alparslan.cooper
alphen.lawson
alphonso.cline
alverta.oconnor
alvin.carlson
alvinia.beard
alya.cabrera
alyce.hurst
alyda.bentley
alysia.jones
alys.malone
alyson.herring
alyss.farmer
amalea.hanson
amaleta.finch
amalita.massey
amandie.anderson
amarjit.barlow
amaryllis.marquez
amata.walter
amato.parks
amberly.banks
amberlyn.white
ambur.gordon
amelia.rowland
amelie.hopper
ameline.bolton
amelita.franco
amie.chen
amii.golden
amitie.house
ammar.barry
anabal.sanders
anahi.white
anais.cole
anatoli.norton
andee.watts
andie.murphy
andrejs.stein
andre.parsons
andrew.wagner
andriana.powers
andrzej.mcbride
angeles.fisher
angeliek.meadows
angelique.holt
angelle.coleman
angus.jackson
anki.daniels
annabal.wynn
annabell.langley
annaliese.lowe
ann-hoon.bond
annice.barnes
anni.whitley
ann-marie.summers
annora.ayala
anny.snider
anoushka.ayala
ans.oneal
anson.pruitt
anthe.gaines
anthia.calderon
anthiathia.mcgee
antonie.strong
anuja.hoffman
anurag.cross
anusha.ortega
april.west
APT$
arabel.perkins
archer.buchanan
archie.wooten
arda.bates
ardelia.ball
ardene.massey
arden.vang
ardie.bishop
ardine.porter
ardyce.tucker
ardyth.pierce
ariadne.hull
aridatha.sanford
ariella.hicks
arielle.vaughn
arjun.pennington
arlie.workman
arlinda.spears
arts.freeman
aruna.miles
asad.farley
asan.moses
ashely.acosta
ashly.ellison
ashok.walter
asia.kirby
asma.garrett
athan.morales
atl.howe
aubreanna.carver
aubrette.norman
aubriana.harrison
audric.castaneda
audrie.mcfarland
audrina.salas
audrye.trevino
augustin.schroeder
augustus.gaines
aundrea.mason
aura.forbes
aurelie.hinton
aurie.herman
aurilia.burnett
aurlie.hicks
auroora.morris
aurora.barton
autumn.alvarez
ava.fisher
avedis.nguyen
avery.cain
avivah.gill
avon.rasmussen
avril.carroll
avrit.lara
aya.cain
ayako.howard
ayda.perkins
ayesha.puckett
ayrton.gutierrez
azar.hale
azariah.ray
aziz.snyder
azmina.franco
babb.alvarado
babbette.watts
babbie.mcfadden
babita.burns
babs.whitley
badri.maynard
bahadir.fulton
bakel.blair
bambi.kirkland
bam.rios
bang.bryan
barbabra.thompson
barbara-anne.palmer
barbara.fulton
bari.english
baris.martin
barnes.hendrix
basheer.evans
baylor.clay
bay.roy
bear.potter
beatrice.kelly
begum.aguirre
bekki.savage
belita.combs
bellina.wall
benedicta.benjamin
benjamin.hampton
benne.sexton
benni.decker
beret.marshall
bernadene.chandler
bernd.shelton
bernelle.bonner
bernetta.craig
bertha.preston
berti.whitehead
bert.parks
bethanie.acevedo
beth.mueller
bettie.daniels
beyonce.bruce
bhupinder.stark
bibbie.suarez
bibi.reid
biddie.moses
bihari.mercado
billye.kirkland
binni.benson
birgit.dodson
birmingham.tucker
bjorn.haley
blaine.shepherd
blaire.ortiz
blakelee.stanley
bliss.wilkinson
blue.long
blythe.roberson
bnr.juarez
bobbee.mcpherson
bobbie.schwartz
bobinette.higgins
bonnie.parrish
booker.fischer
boris.church
braden.hernandez
bradwin.donaldson
brad.wood
braelyn.kelly
branden.holland
brant.gilbert
brayan.hensley
braylee.gilliam
braylen.franks
braylon.kim
brayson.rowland
breanna.ortega
breckin.huffman
brenda.delaney
brend.neal
brennan.hale
brent.hooper
brian.monroe
brianna.spears
brien.mcdowell
brigitta.watkins
brina.crosby
brinley.dean
brita.gordon
brittany.gillespie
bronwyn.taylor
brooke.anthony
brook.malone
brunhilda.mcneil
bryant.blanchard
bryce.hardy
bryden.crawford
brydon.bright
bryler.maddox
bryon.roberts
bse.rodriquez
buck.barber
bucklin.montoya
buda.mayer
bud.pugh
bunni.dodson
bunty.galloway
buster.massey
butch.cummings
bvworks.mann
caila.blankenship
caine.romero
cain.giles
cairistiona.cochran
caius.baldwin
calla.steele
calypso.vaughan
camala.mcmillan
camile.kemp
camron.mcfadden
camryn.meyers
candace.clements
candee.greer
candice.davenport
candide.shannon
caolan.sherman
caren.garner
caressa.rodriguez
caria.thornton
caril.alvarez
caritta.brewer
carlene.carroll
carl.hurst
carlie.charles
carlynn.waters
carmelina.skinner
carmen.potter
carolien.flynn
carolle.harmon
caron.charles
cart.soto
carys.dotson
casi.cannon
cass.alexander
cassandre.foreman
cassey.alford
cassiopeia.andrews
cassondra.barnett
catalina.guerra
cathal.chang
catherine.tanner
catie.whitley
catlaina.brown
catrina.nielsen
caty.steele
cayla.sims
cefee.parks
cen.wilkinson
cesare.chan
cezary.duffy
chabane.odonnell
chad.barnes
chadwick.swanson
chai.avery
chak-hong.white
chance.dillard
chanda.carson
chandler.mack
chandrakant.hill
channing.conley
chantalle.love
chantal.nash
charity.patton
charlette.cain
charlize.sullivan
charly.parker
charmane.waters
chauncey.jensen
chee-yin.newton
chellappan.arnold
chelsea.haley
cheng.holloway
chenille.winters
cheri.wheeler
cherri.riggs
cheyanne.randolph
chiarra.blevins
chicky.lynch
chi-keung.myers
chinfui.patrick
chip.bolton
chi-yin.gilliam
cho.duffy
chole.gilmore
cho-lun.greene
chris.simmons
christabella.wells
christalle.dickerson
christelle.roberson
christian.cameron
christiane.sosa
christianne.watson
chrysa.mcclain
chrysler.pope
chung-cheung.mason
chunmeng.weaver
cian.fisher
cinda.glenn
cindee.larsen
cinderella.charles
cindie.weber
clair.fitzpatrick
clancy.chang
clara.johns
clarence.rhodes
claretta.hester
clarey.murray
clarisse.huffman
clary.maddox
class.harris
claudelle.hunter
claudette.bush
claudia.dyer
claudina.dawson
clement.flowers
clem.parks
clifton.lindsay
clive.holman
clotilda.poole
clotilde.luna
clover.alexander
clovis.hoover
codee.burks
codie.hale
cody.madden
cohen.dixon
coletta.gutierrez
colli.carrillo
collin.fernandez
conlan.workman
connie.luna
consuela.benson
corabel.hodges
corabella.williamson
cora.hood
coral.hebert
coralie.mcdonald
corbin.puckett
cordelie.hartman
cordi.peters
coreen.sargent
corella.day
corene.gaines
coretta.howard
corinna.burns
corkstown.jordan
corliss.mendez
corly.booker
cornelius.bryant
corny.hyde
corra.larsen
correna.butler
corrinne.pugh
crispin.herman
cristy.hodge
cruz.poole
crystie.mcfadden
cullen.watts
cuong.pierce
cybill.cash
cyndy.evans
cynthy.hayden
czes.mcpherson
dacy.frederick
dae.sampson
dagmar.morton
dahlia.mccormick
daisey.fletcher
daisie.valencia
daisi.sampson
dalon.crosby
damarion.bolton
damita.christensen
danae.parsons
danette.bender
danial.randall
daniela.weaver
dani.sims
danit.maldonado
danna.carey
danni.ruiz
danyette.taylor
daphne.christensen
darbie.baxter
darby.clayton
darell.randolph
dari.mayo
darren.pena
darrin.lawrence
darya.larson
dasha.shaw
dashawn.thornton
dasi.ward
datha.gardner
daveta.welch
david.abbott
davinder.butler
daxter.sosa
dayton.waters
ddene.beck
deana.petty
deandre.alston
debera.sykes
dee
DefaultAccount
dehlia.massey
deina.ingram
deklan.dotson
delanie.olsen
delany.vega
delfin.valentine
delilah.good
delisle.myers
delmar.maddox
delores.gutierrez
demetria.blevins
deni.jimenez
den.kelly
dennie.reilly
dennis.bell
denny.macdonald
denzel.gilmore
derek.bush
deri.tyler
derrick.best
der.sloan
desdemona.norton
desiri.roberson
destinee.burt
detlev.castillo
devina.oneil
dewey.simon
dexter.gardner
diamond.booth
dickens.noel
dien.herman
dilip.horton
dillon.serrano
dinny.kelley
dino.combs
dita.montgomery
dode.reed
dodi.merritt
doe.lawrence
dollie.estes
donovan.buchanan
door.stout
dore.carlson
dorise.case
dorolice.alvarez
dosi.price
dotti.little
douglass.benson
dpn.collins
dpnis.mayer
dpnlab.carver
drayden.sweeney
drew.anderson
druci.walton
drucy.santana
drusy.payne
dulciana.howell
dulci.pierce
duncan.suarez
duryonna.bradford
dusan.kennedy
dvm.phillips
eabha.gonzalez
ealasaid.hebert
earl.vance
eason.hess
easton.thompson
edel.le
ede.shaw
edin.wolf
edita.harris
edward.holt
edwina.gamble
edyta.nolan
edyth.carlson
egon.barr
eileen.owens
eilidh.bass
eireann.barnes
eirena.hughes
ekaterina.rivas
elaine.langley
elana.noel
elbertine.bond
eleanore.short
elena.bray
elene.mckenzie
elen.russell
elex.stanton
eliana.simon
elianora.good
elida.spencer
elie.petersen
eli.solis
elizabeth.crawford
elka.sheppard
ellyn.watson
eloisa.hines
elonore.alston
elouise.pitts
elroy.forbes
els.herring
elsi.glass
elspeth.todd
elvera.stone
elvis.cherry
elwira.cohen
elysee.santos
elysha.mcknight
elysia.hutchinson
elzbieta.kaufman
emalia.hunt
emanuela.klein
ember.wooten
emelda.sparks
emelina.parsons
emeline.boone
emer.reese
emilee.joseph
emma.hansen
emmalee.mcfadden
emmerson.ellis
emogene.barlow
empdb.flores
em.perez
emr.spears
ena.leon
enver.cardenas
eoghan.hicks
ericka.velez
erick.humphrey
eris.mckinney
ermina.mills
ernestine.greene
ernesto.valencia
ertha.poole
esko.wolfe
esperanza.morrow
essie.mcclain
estele.price
estelle.knowles
esther.douglas
estrellita.dale
ethelind.gilliam
eudora.montoya
euen.velazquez
eula.hamilton
eustace.bentley
eustacia.hendrix
evaleen.tran
evangelina.spence
evangelo.blake
evan.salazar
evans.willis
evran.barr
evvy.morgan
eyan.kramer
ezella.bartlett
fabienne.guerrero
fae.newton
fahim.flowers
faina.collins
faisal.scott
faizal.frost
famke.moss
fanchon.chapman
fanny.ayers
farand.watkins
farid.crawford
farouk.morton
farrah.patton
fast.lopez
faunie.sampson
faustine.peters
fawnia.baldwin
fayth.cohen
fearless.obrien
felisha.dorsey
feliza.warner
felton.chaney
fernando.mcmillan
fern.riddle
feynman.gross
fianna.king
fidelia.sweet
fikre.caldwell
filide.barrett
fil.mullen
fima.good
finnigan.haley
fiona.joseph
fionan.hoffman
fiorenze.winters
fitz.cole
flick.richmond
florance.riley
floria.joseph
florida.hill
flori.maddox
florinda.maynard
flor.larsen
flossie.sears
focus.walker
forrest.velazquez
francis.copeland
fran.hall
franni.mercer
fraser.short
freddy.roberson
frederick.lindsay
fredrick.gay
fulvia.lowery
fung.solomon
fynn.clemons
gabbey.mooney
gabbi.randolph
gabrielle.bowers
gae.floyd
gael.kim
gaetan.arnold
gahn.england
gannon.kinney
gant.maxwell
gareth.cleveland
garland.payne
garman.leach
garrison.fields
gates.stokes
gaye.landry
gaylene.stephenson
gaynor.morris
geetha.howe
gemma.chaney
gena.ewing
genesis.valdez
gen.mathews
genny.tyler
georgianna.duffy
georgie.mercer
geraint.heath
geralda.knox
gerianna.thomas
germ.saunders
gerrie.gonzalez
gerry.pierce
gertruda.atkinson
gertrude.thomas
gertrud.garner
gethin.haley
geza.potter
ghislain.dillard
gianina.paul
gib.woods
gihan.carlson
gilemette.york
gilli.austin
gilligan.fowler
gil.stevens
ginette.fitzgerald
ginn.odom
gint.hays
giorgio.simmons
gisele.parrish
gisella.church
giselle.wolfe
gisselle.schwartz
gita.mcknight
gizela.tate
glass.henson
glendon.vasquez
glennis.molina
gloria.mclean
glynda.goff
glynnis.simon
godric.herrera
goldarina.estes
goldi.mcdaniel
go.manning
gordie.peterson
goska.hughes
goutam.mitchell
gracie.blackwell
grant.vargas
grata.fry
gregory.rivers
greta.landry
gretna.carroll
grey.garrett
grietje.farmer
griffin.long
guadalupe.lang
guanyun.howell
Guest
guilford.knight
guillermo.fischer
guinna.barber
gunnar.hall
gurmeet.russell
gursharan.bush
gussie.walsh
gwenette.gallagher
gwenore.adkins
gzl.gilbert
haden.webster
hadley.langley
hai.abbott
haiden.oneil
haig.owens
hakan.snider
hala.watts
haleigh.witt
hang-tong.small
hanh.walters
hanneke.holt
harlan.bright
harlie.butler
harm.lyons
harmonia.rasmussen
haroon.quinn
harper.wolf
harriet.cotton
harriette.cochran
harrison.landry
harry.day
hartley.roach
haruko.kaufman
harvey.love
hassan.nunez
haven.berg
hayden.small
hayley.pearson
hedwig.landry
helina.franco
helli.mckinney
helma.potts
helyn.gill
hemant.buchanan
henley.watson
henry.vinson
herminia.duran
hernandez.flores
hernan.ware
hesham.mercer
hesther.conley
heston.buckner
hetty.ross
hien.pacheco
hildagarde.rios
hildagard.garrett
hing-fai.clark
hing.jordan
hiram.tillman
hiroko.pickett
hoang.mclaughlin
hoa-van.reilly
hojjat.miranda
holden.lara
holly.mckenzie
holst.brown
hongzhi.carson
honoria.compton
hooi-lee.roy
hossein.acevedo
howie.norton
how-kee.hall
hqs.conrad
hulst.stuart
humberto.barr
huuliem.solis
huw.whitley
huxley.frederick
hyacinthie.frank
hyacinth.patel
ibrahim.willis
icy.cox
icylyn.pearson
idette.preston
ignacio.rowe
igor.cervantes
ila.merrill
ilya.waters
ilysa.sharpe
ilyse.harmon
imre.carroll
imtiaz.gordon
indigo.robbins
indira.peck
inge.ortega
inger.dyer
inigo.melendez
ioan.bishop
iona.jenkins
irc.marks
irina.french
irish.giles
isha.browning
isis.rivera
italo.steele
iva.ashley
ivett.mcbride
izabella.fitzgerald
izabel.sheppard
izzie.roach
jacklyn.armstrong
jacque.melton
jacquenetta.kelley
jacquetta.rodriguez
jacqui.robbins
jacynthe.waters
jadon.montoya
jae.sloan
jagdev.dotson
jagriti.hudson
james.wooten
jamie.harper
jamison.davidson
jamiya.owens
jammie.oconnor
janae.raymond
jana.mercado
janaye.english
janean.vazquez
janeen.nichols
janela.lee
janella.moses
janetta.mcconnell
janina.johns
janiya.cortez
janna.espinoza
janot.mooney
jaqueline.faulkner
jaquelin.kennedy
jasper.richard
jaxson.head
jayendra.green
jaynell.simmons
jayson.lucas
jean-francois.riggs
jean-jacques.york
jean-marc.curtis
jean-marie.blanchard
jeanna.bryant
jeanne.lee
jeannette.cannon
jean-pierre.hester
jeb.sloan
jeffery.petty
jeffrey.gallegos
jemmy.fulton
jenelle.nielsen
jenna.lucas
jennilee.mcpherson
jericho.lopez
jermaine.mays
jerrie.stevenson
jerri.koch
jerry.cash
jerrylee.palmer
jessamine.jones
jessy.francis
jet.huff
jeydon.morrow
jey.preston
jillane.oconnor
jillian.ochoa
jilli.callahan
jimmie.mckay
jirina.key
joanie.mack
job.dean
jobi.carson
jobyna.blackburn
jocelin.cooke
joceline.nelson
jochem.juarez
joella.mckenzie
joete.carey
johnathan.henson
johnath.lancaster
john-jr.alexander
john-sr.bauer
joji.buchanan
jonathon.mayo
jonthan.griffin
jooran.meadows
jordon.casey
jorey.carpenter
jorja.carney
jose.barnett
joydeep.garcia
joyous.camacho
judas.beasley
julee.curry
julieanne.mckinney
julietta.wilkinson
juliette.morton
july.horn
june.mcdaniel
jung.hawkins
juozas.ingram
jurgen.christensen
justina.mccray
kadence.anthony
kaelyn.dyer
kaia.atkinson
kaile.woodard
kaja.stewart
kalea.hinton
kaleena.wright
kalin.nolan
kaliyah.mcfarland
kalpit.sanchez
kamal.stewart
kaman.maynard
kambhampati.key
kami.riley
kamlesh.estrada
kamryn.mercer
kanata.william
kang-yuan.roman
kannan.bruce
karam.barry
karee.joyce
karel.williams
kariotta.blake
karlotte.mccarthy
karson.dillard
kasey.head
kassem.dean
katha.blair
katherin.skinner
katheryn.davidson
katie.grant
katina.lewis
katleen.mccullough
katlyn.bush
katniss.leach
katrinka.holloway
kattie.mckenzie
katti.hatfield
katusha.dalton
katya.talley
kaycee.carson
kayley.snyder
kaylyn.sparks
kayne.mejia
kazem.nicholson
kazuo.deleon
kedah.house
keeley.wong
kelila.dalton
kellan.lester
kelli.powell
kelvin.stark
kendall.goodwin
kendra.vargas
keon.velasquez
keriann.banks
keri.pena
kerri-ann.norman
kerrill.conrad
kerrin.rhodes
kessel.long
kessley.black
kettie.sheppard
ketty.barlow
khalid.macdonald
khanh.ayala
khloe.miranda
khosro.vaughn
kien.knight
kieran.silva
kimberli.whitfield
kimmy.carr
kim-tram.king
kinna.puckett
kipp.beard
kiri.mcclure
kirstyn.buck
kissee.kane
kissiah.newman
kitson.hopper
kittie.dorsey
kiyoon.whitfield
kizzy.holland
klarrisa.parks
klaus.boyle
klazina.fleming
kloe.dorsey
knox.kinney
kody.best
kok-khiang.ellis
korella.may
korney.obrien
krbtgt
krier.french
kris.harrington
krissie.mejia
kristine.castillo
kristin.horn
kristi.stanley
kumar.davidson
kurt.santiago
kwong.gibson
kylie.cardenas
kyra.ferrell
kyron.rowe
labfive.church
lab.velez
lacee.fitzgerald
lachlan.serrano
lacy.dunlap
ladan.duncan
laine.benjamin
lake.daniels
lamont.may
lancelot.cortez
laney.lawrence
langdon.mcclure
lanie.page
lani.gregory
lan.noel
lanny.clarke
lara.romero
larine.vega
larisa.woods
laryssa.rowland
lashonda.warren
laten.walsh
latoya.silva
latrena.sellers
laureen.pratt
lauren.potter
laurette.norman
laurianne.goodwin
lavina.ellison
lawson.rowe
layton.nixon
lazlo.foreman
leandro.tyler
leanna.benson
leanora.obrien
leanor.garcia
leaton.bryant
lebbie.pennington
leda.doyle
leelah.cobb
leeuwen.gallegos
legra.lane
leif.hayes
lei-see.dillon
lelah.hooper
leny.clements
leoine.walter
leo.lane
leoline.burks
leon.gomez
leonora.blair
lesia.dawson
les.sutton
levent.haney
lexi.ford
liah.duffy
liam.donovan
lian.franklin
lianne.conway
libbie.brown
lief.baxter
lilac.rogers
lilas.silva
lil.hill
lilia.mccarty
liliana.valentine
lilian.pearson
lilin.reese
lilly.sampson
lincoln.chen
linda.schroeder
lindie.blair
lindsay.chavez
lindsey.giles
ling-yue.buck
link.yang
linley.nash
linnea.harrison
linzy.phelps
liping.mcmillan
lisa.kramer
li.spears
lissy.hardy
livia.waller
livy.henry
lizabeth.hutchinson
lizette.pope
lizzy.martin
loay.crane
lochlan.crawford
loes.sanders
lois.roy
loki.luna
loleta.price
lonneke.haney
lonnie.turner
lon.parker
loree.flores
lorena.casey
loreta.lott
lorette.bird
lorianna.castaneda
lorie.walton
loris.potts
lorita.morse
lorna.price
lorne.calhoun
lorrayne.benson
lorrin.navarro
lorry.moon
lothar.frye
louis-philippe.quinn
lou.mack
lovina.patterson
lsi.olson
luciano.guy
lucien.freeman
lucilia.huff
lula.william
lurline.bryan
lydia.oneil
lyla.barry
lyndy.parker
lynette.beach
lyn.fisher
lynnell.harding
lynn.kaufman
lysander.mcpherson
mackenzie.abbott
mack.everett
mada.walters
maddison.king
madeleine.velazquez
madelena.little
madelene.tanner
madelle.vinson
madelon.reilly
madelyn.marquez
madlin.gutierrez
madonna.willis
magda.dale
magdalene.abbott
maggee.finley
maggi.galloway
maid.rodgers
maidsir.sykes
maier.wilson
maiga.english
mairead.patrick
maire.humphrey
makenzie.langley
malakai.key
malaysia.harding
malgosia.gross
malinda.dunlap
mali.osborne
malva.robinson
manami.alvarado
manijeh.parsons
manou.ortiz
mansukha.flores
marce.howell
march.nicholson
marcie.stewart
marcus.wilson
marcy.bauer
mareah.cole
maressa.duran
margalit.gaines
margareta.guy
margaret.wise
marget.marquez
margo.wheeler
margret.acevedo
marguerita.gregory
marianne.griffin
mariann.mendez
maribeth.meyers
mari.callahan
maridel.ochoa
marie-josee.franklin
marieka.blackwell
mariella.savage
marielle.york
marie-nadine.nelson
marie.nicholson
mariette.stuart
marilyn.pacheco
marinette.keith
marisa.hawkins
mariska.barry
marissa.phelps
marjan.bonner
marje.schmidt
marjoke.young
marjorie.chan
marla.benton
marline.whitney
marna.duncan
marne.hoover
maroun.copeland
martica.hall
martita.bernard
martynne.knowles
marvin.guy
maryam.jacobs
maryanna.santos
maryann.osborne
maryl.flowers
marylin.powell
marylou.beasley
masha.berger
maso.martin
mateo.sharpe
materkowski.shaw
maura.goodman
mauricio.may
maurise.summers
maverick.lyons
mavra.stein
maxim.palmer
maxine.landry
maybell.taylor
mayson.hodges
mckenzie.woodard
mea.cash
meadow.paul
meaghan.cobb
meggie.nunez
meghann.gilbert
mehetabel.howell
mehmet.cohen
mei.frazier
melanie.duran
mela.ross
melba.bailey
melisande.donaldson
melisse.calderon
melitta.estes
melonie.boyd
melvin.cantu
merb.hodge
mercie.tillman
meridel.santos
merilee.wolfe
merlina.parrish
merralee.henson
merridie.valdez
merrill.pollard
meryl.dudley
message.parrish
mesut.porter
meter.young
metyn.waters
micah.mckenzie
michaeline.albert
michael-morgan.horn
micheal.baird
mick.curtis
mietek.fulton
miguel.johnston
mihai.stanley
mikhaela.talley
mikihito.foreman
milka.coffey
miller.salas
milli.austin
milo.hill
milt.frazier
milton.robbins
mimi.morgan
mina.fleming
minetta.clarke
minette.mclean
min.gay
minhwi.delgado
minnnie.chase
minta.marquez
miquela.pate
mirabel.dorsey
mirabelle.rodriquez
mira.burt
misbah.england
misha.forbes
missie.mccray
mitsuko.padilla
mitt.palmer
miyuki.pugh
mohammad.kaufman
moira.cantu
mollee.beasley
moniek.hinton
mordecai.barr
morgana.forbes
morgan.dillon
motaz.hendrix
mot.curtis
mouna.branch
mo.witt
mufi.bond
munaz.dalton
murial.crane
mycroft.lara
myla.hahn
mylene.macdonald
myrle.waters
myrthille.lara
myrtice.meyer
myrtle.workman
nad.black
nadeem.vega
nadir.caldwell
nagaraj.gregory
naji.farmer
nalani.morales
namrata.gonzales
nan.brock
nancey.jefferson
nancie.hartman
nancy.sutton
nanice.winters
nani.maddox
nara.hughes
narrima.hernandez
nash.patton
nashville.alford
nasser.wilson
natala.le
natalia.trujillo
natascha.sanders
natasja.barnes
naveen.mcdaniel
nazib.carr
neetu.forbes
nelson.winters
nel.swanson
nerissa.dunn
nermana.espinoza
nerti.graves
netti.moran
netty.matthews
nevein.walls
neysa.spencer
ngai.maldonado
niall.colon
nial.livingston
nichelle.wheeler
nichol.bowman
nicki.sloan
nicoli.pope
nicolle.mendoza
nic.riddle
nieve.cooke
nigel.key
nihal.parker
nikita.suarez
nikkie.kelley
nikolaos.morrow
ninon.henson
nishith.shannon
nissie.good
nita.fitzgerald
nixie.mclaughlin
noam.jones
nola.gould
nolana.calhoun
nomi.knight
noni.whitehead
nora.hays
norina.william
norine.ware
noslab.meyer
nova.russell
novelia.townsend
oakley.walls
oberon.sharp
odella.randolph
odelle.richards
odile.nicholson
odille.oneill
olaf.delacruz
oleesa.miles
olia.conner
olimpia.henson
oliver.holden
olly.hewitt
olusola.webster
olva.gibbs
olympe.payne
oorschot.mcdowell
opalina.bentley
opaline.french
oralla.wilcox
oralle.william
orel.atkins
orella.whitehead
oriana.mathis
orion.winters
orla.cortez
oryal.pace
osmond.gilmore
osvaldo.dotson
othelia.weiss
ottawa.emerson
ott.simpson
owen.pennington
ozzy.ortiz
pac.ferrell
padma.hancock
palmer.edwards
pammi.pitts
pandora.stevens
pansie.wood
pardip.rivas
paris.good
parker.goodwin
parkinson.buckner
parks.prince
pat.richmond
patt.maddox
pauli.guerra
pavla.burris
pearle.goff
pearline.alexander
peggy.marsh
penny.holden
pepita.hendricks
peregrine.cooper
petronille.rocha
pet.wheeler
peyton.west
phat.spence
phebe.watts
phelia.armstrong
philipa.flores
philippa.cruz
phillip.estrada
phuong.conway
pierette.colon
pierre-henri.sellers
pierrette.stout
piers.cunningham
pinder.olson
ping.delacruz
piotr.mercer
pramod.phillips
pratibha.whitaker
praveen.rutledge
precious.jimenez
presley.horton
pricing.conway
primrose.sanders
prince.malone
prudy.whitfield
prue.olson
quang.dominguez
quiana.townsend
quinlan.pratt
quinton.burks
quoc-vu.noble
quyen.leon
rae.higgins
rafael.blackwell
rafaelia.collier
rafferty.lane
raiden.whitley
ralph.waller
rama.chavez
ramesh.mccall
ramsey.chapman
randa.fitzgerald
randhir.olsen
ranga.foster
rania.cote
ranjit.dillon
ranson.mejia
rashan.martinez
rashid.bass
raylan.marsh
ray.meyers
rayna.brady
raynald.moore
rayshell.horton
raz.thompson
rebecka.hendrix
rebekkah.stanley
redgie.deleon
reef.daniel
reena.holmes
reilly.moreno
remington.guerrero
renato.garrett
retha.delgado
reva.benjamin
reynaldo.rose
rheal.johnston
rhiannon.phillips
rhoda.barton
rhonda.wiley
ricca.huff
rick.herman
rico.berger
rihanna.fleming
rijos.ford
rijswijk.sparks
rik.casey
rina.andrews
rizwan.paul
roanna.sims
roanne.compton
robbin.porter
robena.burton
robenia.patterson
robinette.faulkner
robin.kramer
robson.rosario
roby.mcknight
rochell.mckenzie
rocke.callahan
roda.goff
rodina.glenn
rodolfo.mckinney
rodrigo.cannon
rois.cabrera
rolando.dunn
rona.gilbert
ronen.castaneda
ron.howell
roni.browning
ronnica.lindsey
ronni.day
roque.sampson
rosabelle.levine
rosabel.salinas
rosalia.jordan
rosamond.silva
rosanna.gallegos
rosemonde.dickerson
rosie.fleming
roxanna.bird
roxie.alexander
rozelle.coffey
rudy.weber
rueben.russo
rungroj.crosby
ruthanne.park
ryann.andrews
rylan.harding
rylee.rogers
ryleigh.wynn
sabra.wilkinson
saeed.armstrong
safiya.simpson
sage.daugherty
sallee.harris
sallyanne.barrera
salman.cantu
samaria.wilkins
samia.huber
sammie.robertson
sanae.cash
sandhya.rojas
sandi.watson
sania.simmons
sanja.blanchard
saoirse.cooke
saraann.owen
sarajane.petty
sarena.mitchell
sari.deleon
saroj.roberson
saskia.harvey
saswata.hines
sati.evans
sattar.maldonado
saundra.holcomb
savita.boyer
sayla.schultz
seamus.workman
seb.barnes
sedigheh.dickson
seiji.holland
selena.sloan
selina.hunter
seline.kirby
sella.boyd
selma.marquez
selvaraj.berry
seraphina.ball
serban.rice
serge.foster
seven.richardson
shabbir.kennedy
shaelyn.miranda
shae.watkins
shahriar.marshall
shamshad.vargas
shandy.jones
shankar.odonnell
shannah.sargent
sharlene.harvey
shauna.burks
shawn.cooley
shay.mccoy
shea.kennedy
sheba.bell
sheelah.hodge
sheilah.powell
shekar.david
shena.rosario
shep.hodges
sherryl.hardin
sherwood.hines
shiloh.hines
shinichiro.chapman
shirene.talley
shiroshi.bean
shoji.juarez
shona.alston
shonagh.melton
shorwan.rose
shuang.bradshaw
shunro.ruiz
shuo.mcdaniel
shyoko.lawrence
sibelle.mitchell
sibylle.henderson
sickle.watson
sidney.best
sidone.patton
siew-kiat.maldonado
siggy.mathis
sigourney.hale
sika.guy
sik-yin.sims
silas.warren
sileas.nichols
silvana.baker
simone.harrison
sindee.hampton
sindy.wilkins
siobhan.cain
sioux.mcgowan
siusan.rowland
skiclub.hendrix
skip.roy
somsak.espinoza
sonbol.spencer
son.mcpherson
sonya.curtis
sophi.juarez
sotos.carson
spenser.simpson
spicer.slater
staci.price
stars.fitzgerald
stevena.gibson
stormy.mayer
stu.cole
subhashini.santana
subhra.slater
sue.mendoza
sukhendu.kim
sule.richards
sunshine.jacobson
suzann.clemons
suzi.meyer
sven.hebert
swee-joo.oconnor
sylva.mcguire
tabbatha.russo
tabbitha.coffey
tab.mosley
tad.valdez
tala.mcintosh
talia.greene
taliyah.hopper
tallia.potter
tamarah.joyce
tamar.bullock
tamiko.benjamin
tamma.walsh
tandi.reese
tanhya.mendez
tanika.kline
tanisha.velasquez
tanitansy.gibbs
tao.bradford
tariq.zamora
tas.crosby
taya.santiago
taye.wall
tayler.merrill
tdr.roberson
team.farrell
tedra.goodwin
teiichi.moran
temperance.knox
teo.owens
terence.pacheco
teressa.carlson
teriann.payne
terri.carpenter
tesa.bowen
tetsuo.bailey
tetsuya.banks
te-wei.pope
thelma.william
thi.bridges
thieu.reilly
thomasina.bray
thor.martinez
tiago.fletcher
tiana.duffy
tianbao.burgess
tian.saunders
tiena.baldwin
tiernan.mann
tiffani.wiley
tiff.martin
tildi.fletcher
timmie.macias
tine.chavez
tisha.sanchez
todd.cantu
tod.obrien
toinette.guy
tom.hammond
tommie.wheeler
toney.hill
tonia.crosby
tonye.hendrix
tori.moreno
toryn.lamb
traci.taylor
tray.roth
trenna.dyer
tresa.parsons
trescha.glenn
tricia.chaney
trisha.lucas
tristan.mcdonald
tristen.sharp
triston.merrill
trudy.alvarado
tru-fu.cohen
truman.diaz
tsuyoshi.church
tulip.ray
twana.flowers
ty.graham
tylan.gallagher
tyne.day
tyronda.branch
tyrone.mason
ulla.rivera
ulrika.hobbs
ulrikaumeko.garcia
ulrike.randall
una-mae.mathews
unice.daugherty
uriah.murray
usrouter.lawrence
uta.graham
vahid.graves
valeda.caldwell
valencia.nash
valentino.nash
valentin.schultz
valery.daniels
vallie.chaney
vallier.mccarthy
vanna.buchanan
vanya.moore
varennes.gilbert
veda.marsh
velma.montoya
veneice.alvarado
venetia.velasquez
verena.spence
verile.harmon
verla.ross
vern.rutledge
veronike.frazier
veronique.smith
vicheara.luna
vijayalaks.todd
vikki.dorsey
viktor.dillard
vimi.walters
violante.meyer
viole.solomon
vipi.williamson
viqar.sloan
virginie.meyers
vito.barnett
vivianna.workman
vrouwerff.collins
wai-man.vinson
waja.wood
wallie.gardner
wallis.mullins
waneta.ball
wanids.zamora
warwick.pearson
wayne.cleveland
wendy.mendoza
wenona.workman
wesley.english
westin.levine
wieslawa.dorsey
wilhelmina.mullins
wilhelmus.callahan
willam.hickman
will.bonner
william.santiago
willi.blanchard
willow.guerra
willyt.mcconnell
wilmette.alexander
wilmont.cannon
windowing.spencer
wing.weaver
wini.keller
witte.huffman
wolf.bradley
woodrow.guerra
woody.lopez
woon.alston
wynnie.owen
xander.simon
xiaojing.parsons
xiaomei.jensen
xochil.terry
xuong.ryan
yana.farley
yan-zhen.bates
yasar.quinn
yasmin.cooper
yazmin.klein
yc.manning
yelena.bender
yen.blackwell
yesenia.finch
yessica.swanson
yetta.merritt
ylaine.salas
yoke-kee.tanner
yolande.price
yonik.armstrong
york.barber
yoselin.cote
yoshimitsu.mooney
youji.trujillo
young-june.castro
youssef.wood
yu-hung.dotson
yu-kai.decker
yukinobu.ramirez
yula.kane
yumi.barnett
yung.davidson
yves.sawyer
yvonne.aguilar
zabrina.beard
zach.morrison
zafer.roy
zahara.palmer
zaheera.clements
zahirul.branch
zakia.harvey
zane.mcdonald
zarla.kennedy
zea.wynn
zein.chase
zelma.snider
zina.estrada
zino.mccullough
zoe.delaney
zohar.mathis
zoltan.nolan
zonnya.oliver
zyg.hendrix
