Guest
tseuG
GUEST
guest
Guest0
Guest1
Guest2
Guest3
Guest4
Guest5
Guest6
Guest7
Guest8
Guest9
Guest00
Guest01
Guest02
Guest11
Guest12
Guest13
Guest21
Guest22
Guest23
Guest69
Guest77
Guest88
Guest99
Guest123
Gueste
Guests
Guesa
Gues
Guea
Gueer
Gueie
Guo
Guy
Gu123
Guman
Gudog
1Guest
theGuest
duest
maest
Guest
Guest
Gu3st
Gust
Gut
Guet
Gues
Guet
Guest1
Gues
Gue
Gu
GuGu
G
Gues
est
Gut
rue
estGu
uest
Guest
tGuetGue
uues
stssts
Ouest
Jst
Guestt
GuetGuet
stG
GuGu
Gtse
Guestu
GGGGGG
AAD_987d7f2f57d2
2d75f2f7d789_DAA
AAD_987D7F2F57D2
aAD_987d7f2f57d2
AAD_987d7f2f57d20
AAD_987d7f2f57d21
AAD_987d7f2f57d22
AAD_987d7f2f57d23
AAD_987d7f2f57d24
AAD_987d7f2f57d25
AAD_987d7f2f57d26
AAD_987d7f2f57d27
AAD_987d7f2f57d28
AAD_987d7f2f57d29
AAD_987d7f2f57d200
AAD_987d7f2f57d201
AAD_987d7f2f57d202
AAD_987d7f2f57d211
AAD_987d7f2f57d212
AAD_987d7f2f57d213
AAD_987d7f2f57d221
AAD_987d7f2f57d222
AAD_987d7f2f57d223
AAD_987d7f2f57d269
AAD_987d7f2f57d277
AAD_987d7f2f57d288
AAD_987d7f2f57d299
AAD_987d7f2f57d2123
AAD_987d7f2f57d2e
AAD_987d7f2f57d2s
AAD_987d7f2f57da
AAD_987d7f2f57s
AAD_987d7f2f57a
AAD_987d7f2f57er
AAD_987d7f2f57ie
AAD_987d7f2f5o
AAD_987d7f2f5y
AAD_987d7f2f5123
AAD_987d7f2f5man
AAD_987d7f2f5dog
1AAD_987d7f2f57d2
theAAD_987d7f2f57d2
dAD_987d7f2f57d2
maD_987d7f2f57d2
AAD_987d7f2f57d2
AAD_987d7f2f57d2
AAD_987d7f2f57d2
AA_987d7f2f57d2
AA987d7f2f57d2
AAD987d7f2f57d2
AAD_87d7f2f57d2
AAD9
AAD_91
AAD_987d7f2f57d
AAD_987d7f2f57
AAD_987d7f2f5
AAD_987d7f2f5AAD_987d7f2f5
AD_987d7f2f5
f57d
7f2f57d2D_987d
AAD_987d7f2f52
cAD_987d7f2f57
7d2AAD_987d7f2f5
57d2
f57d2
2f572f57
:AD_
_9A_9A
IAD_987d7f2f57d2
D_987d7f2f57d2
AAD_7d
AAD9AAD9
_9A
AA2fAA2f
A27d
AAD_97
A87d7f
mhope
epohm
MHOPE
Mhope
mhope0
mhope1
mhope2
mhope3
mhope4
mhope5
mhope6
mhope7
mhope8
mhope9
mhope00
mhope01
mhope02
mhope11
mhope12
mhope13
mhope21
mhope22
mhope23
mhope69
mhope77
mhope88
mhope99
mhope123
mhopee
mhopes
mhopa
mhos
mhoa
mhoer
mhoie
mho
mhy
mh123
mhman
mhdog
1mhope
themhope
dhope
maope
mh0pe
mhope
mhop3
mhpe
mhe
mhoe
mhop
mhoe
mhope1
mhop
mho
mh
mhmh
m
mhop
ope
mhe
oho
opemh
hope
mhope
emhoemho
fhop
peppep
uhope
ppe
mhopee
mhoemhoe
pem
mhmh
mepo
mhopeh
mmmmmm
SABatchJobs
sboJhctaBAS
SABATCHJOBS
sABatchJobs
SABatchJobs0
SABatchJobs1
SABatchJobs2
SABatchJobs3
SABatchJobs4
SABatchJobs5
SABatchJobs6
SABatchJobs7
SABatchJobs8
SABatchJobs9
SABatchJobs00
SABatchJobs01
SABatchJobs02
SABatchJobs11
SABatchJobs12
SABatchJobs13
SABatchJobs21
SABatchJobs22
SABatchJobs23
SABatchJobs69
SABatchJobs77
SABatchJobs88
SABatchJobs99
SABatchJobs123
SABatchJobse
SABatchJobss
SABatchJoba
SABatchJos
SABatchJoa
SABatchJoer
SABatchJoie
SABatchJo
SABatchJy
SABatchJ123
SABatchJman
SABatchJdog
1SABatchJobs
theSABatchJobs
dABatchJobs
maBatchJobs
SABatchJ0bs
SABatchJobs
SABatchJobs
SAatchJobs
SAtchJobs
SABtchJobs
SABachJobs
SABt
SABat1
SABatchJob
SABatchJo
SABatchJ
SABatchJSABatchJ
SBatchJ
hJob
obsBatchJ
SABatchJs
aABatchJo
obsSABatchJ
Jobs
hJobs
chJochJo
uABa
atSatS
[ABatchJobs
VatchJobs
SABahJ
SABtSABt
atS
SAsSSAsS
SshJ
SABath
SchJob
svc-ata
ata-cvs
SVC-ATA
Svc-ata
svc-ata0
svc-ata1
svc-ata2
svc-ata3
svc-ata4
svc-ata5
svc-ata6
svc-ata7
svc-ata8
svc-ata9
svc-ata00
svc-ata01
svc-ata02
svc-ata11
svc-ata12
svc-ata13
svc-ata21
svc-ata22
svc-ata23
svc-ata69
svc-ata77
svc-ata88
svc-ata99
svc-ata123
svc-atae
svc-atas
svc-ata
svc-as
svc-aa
svc-aer
svc-aie
svc-o
svc-y
svc-123
svc-man
svc-dog
1svc-ata
thesvc-ata
dvc-ata
mac-ata
svc-ata
svc-ata
svc-ata
sv-ata
svata
svcata
svc-ta
svca
svc-a1
svc-at
svc-a
svc-
svc-svc-
sc-
c-au
-atac
svc-a
svc-a
atasvc-
-ata
c-ata
vc-avc-a
bvc-
-as-as
{vc-ata
v-ata
svc-aa
svcasvca
-as
sv-asv-a
s-aa
svc-aa
stasta
svc-bexec
cexeb-cvs
SVC-BEXEC
Svc-bexec
svc-bexec0
svc-bexec1
svc-bexec2
svc-bexec3
svc-bexec4
svc-bexec5
svc-bexec6
svc-bexec7
svc-bexec8
svc-bexec9
svc-bexec00
svc-bexec01
svc-bexec02
svc-bexec11
svc-bexec12
svc-bexec13
svc-bexec21
svc-bexec22
svc-bexec23
svc-bexec69
svc-bexec77
svc-bexec88
svc-bexec99
svc-bexec123
svc-bexece
svc-bexecs
svc-bexea
svc-bexs
svc-bexa
svc-bexer
svc-bexie
svc-beo
svc-bey
svc-be123
svc-beman
svc-bedog
1svc-bexec
thesvc-bexec
dvc-bexec
mac-bexec
svc-bexec
svc-bexec
svc-b3x3c
sv-bexec
svbexec
svcbexec
svc-exec
svcb
svc-b1
svc-bexe
svc-bex
svc-be
svc-besvc-be
sc-be
bfxe
cc-bexe
svc-bec
dvc-bex
xecsvc-be
exec
bexec
-bex-bex
cvc-
-bs-bs
{vc-bexec
v-bexec
svc-xe
svcbsvcb
-bs
svvcsvvc
sexe
svc-bx
sexecs
svc-netapp
ppaten-cvs
SVC-NETAPP
Svc-netapp
svc-netapp0
svc-netapp1
svc-netapp2
svc-netapp3
svc-netapp4
svc-netapp5
svc-netapp6
svc-netapp7
svc-netapp8
svc-netapp9
svc-netapp00
svc-netapp01
svc-netapp02
svc-netapp11
svc-netapp12
svc-netapp13
svc-netapp21
svc-netapp22
svc-netapp23
svc-netapp69
svc-netapp77
svc-netapp88
svc-netapp99
svc-netapp123
svc-netappe
svc-netapps
svc-netapa
svc-netas
svc-netaa
svc-netaer
svc-netaie
svc-neto
svc-nety
svc-net123
svc-netman
svc-netdog
1svc-netapp
thesvc-netapp
dvc-netapp
mac-netapp
svc-netapp
svc-netapp
svc-n3tapp
sv-netapp
svnetapp
svcnetapp
svc-etapp
svcn
svc-n1
svc-netap
svc-neta
svc-net
svc-netsvc-net
sc-net
ftap
ppc-neta
svc-netp
ovc-neta
appsvc-net
tapp
etapp
netaneta
ovc-
-ns-ns
{vc-netapp
v-netapp
svc-ta
svcnsvcn
-ns
svsvsvsv
spta
svc-nt
setapp
dgalanos
sonalagd
DGALANOS
Dgalanos
dgalanos0
dgalanos1
dgalanos2
dgalanos3
dgalanos4
dgalanos5
dgalanos6
dgalanos7
dgalanos8
dgalanos9
dgalanos00
dgalanos01
dgalanos02
dgalanos11
dgalanos12
dgalanos13
dgalanos21
dgalanos22
dgalanos23
dgalanos69
dgalanos77
dgalanos88
dgalanos99
dgalanos123
dgalanose
dgalanoss
dgalanoa
dgalans
dgalana
dgalaner
dgalanie
dgalao
dgalay
dgala123
dgalaman
dgaladog
1dgalanos
thedgalanos
dgalanos
maalanos
dgalan0s
dgalanos
dgalanos
dglanos
dganos
dgaanos
dgalnos
dgaa
dgala1
dgalano
dgalan
dgala
dgaladgala
dala
laoo
alanos
dgalas
ngalan
nosdgala
anos
lanos
alanalan
bgal
ladlad
lgalanos
glanos
dgalos
dgaadgaa
lad
dgaldgal
dnos
dgalao
dnosdn
roleary
yraelor
ROLEARY
Roleary
roleary0
roleary1
roleary2
roleary3
roleary4
roleary5
roleary6
roleary7
roleary8
roleary9
roleary00
roleary01
roleary02
roleary11
roleary12
roleary13
roleary21
roleary22
roleary23
roleary69
roleary77
roleary88
roleary99
roleary123
rolearye
rolearys
roleara
roleas
roleaa
roleaer
roleaie
roleo
roley
role123
roleman
roledog
1roleary
theroleary
doleary
maleary
r0leary
roleary
rol3ary
roeary
roary
rolary
rolery
rola
rolea1
rolear
rolea
role
rolerole
rle
leas
earyl
roley
qolea
aryrole
eary
leary
oleaolea
bole
earear
zoleary
ueary
roleyy
rolarola
ear
roearoea
reyy
roleay
rryrry
smorgan
nagroms
SMORGAN
Smorgan
smorgan0
smorgan1
smorgan2
smorgan3
smorgan4
smorgan5
smorgan6
smorgan7
smorgan8
smorgan9
smorgan00
smorgan01
smorgan02
smorgan11
smorgan12
smorgan13
smorgan21
smorgan22
smorgan23
smorgan69
smorgan77
smorgan88
smorgan99
smorgan123
smorgane
smorgans
smorgaa
smorgs
smorga
smorger
smorgie
smoro
smory
smor123
smorman
smordog
1smorgan
thesmorgan
dmorgan
maorgan
sm0rgan
smorgan
smorgan
smrgan
smgan
smogan
smoran
smog
smorg1
smorga
smorg
smor
smorsmor
sor
orgb
rgano
smorn
`morg
gansmor
rgan
organ
morgmorg
hmor
rgsrgs
{morgan
vrgan
smornn
smogsmog
rgs
smrgsmrg
srnn
smorgn
sansan
summer
remmus
SUMMER
Summer
summer0
summer1
summer2
summer3
summer4
summer5
summer6
summer7
summer8
summer9
summer00
summer01
summer02
summer11
summer12
summer13
summer21
summer22
summer23
summer69
summer77
summer88
summer99
summer123
summere
summers
summea
summs
summa
summer
summie
sumo
sumy
sum123
summan
sumdog
1summer
thesummer
dummer
mammer
summer
summer
summ3r
sumer
suer
sumer
summr
sume
summe1
summe
summ
sum
sumsum
sm
umme
ermm
sumr
dumm
mersum
mmer
ummer
summsumm
fumm
mesmes
{ummer
vmer
summrr
sumesume
mes
suersuer
sure
summes
srsrsr
spring
gnirps
SPRING
Spring
spring0
spring1
spring2
spring3
spring4
spring5
spring6
spring7
spring8
spring9
spring00
spring01
spring02
spring11
spring12
spring13
spring21
spring22
spring23
spring69
spring77
spring88
spring99
spring123
springe
springs
sprina
spris
spria
sprier
spriie
spro
spry
spr123
sprman
sprdog
1spring
thespring
dpring
maring
spring
spr1ng
spring
sping
spng
sprng
sprig
sprn
sprin1
sprin
spri
spr
sprspr
sr
prin
ngri
sprg
mpri
ingspr
ring
pring
sprispri
opri
insins
{pring
ving
sprigg
sprnsprn
ins
spngspng
spgn
sprins
sgsgsg
winter
retniw
WINTER
Winter
winter0
winter1
winter2
winter3
winter4
winter5
winter6
winter7
winter8
winter9
winter00
winter01
winter02
winter11
winter12
winter13
winter21
winter22
winter23
winter69
winter77
winter88
winter99
winter123
wintere
winters
wintea
wints
winta
winter
wintie
wino
winy
win123
winman
windog
1winter
thewinter
dinter
manter
winter
w1nter
wint3r
witer
wier
winer
wintr
wine
winte1
winte
wint
win
winwin
wn
inte
ernt
winr
dint
terwin
nter
inter
wintwint
fint
tewtew
inter
zter
wintrr
winewine
tew
wierwier
wire
wintew
wrwrwr
fall
llaf
FALL
Fall
fall0
fall1
fall2
fall3
fall4
fall5
fall6
fall7
fall8
fall9
fall00
fall01
fall02
fall11
fall12
fall13
fall21
fall22
fall23
fall69
fall77
fall88
fall99
fall123
falle
falls
fala
fas
faa
faer
faie
fo
fy
f123
fman
fdog
1fall
thefall
dall
mall
fall
fall
fall
fal
fa
fal
fall
fal
fall1
fal
fa
f
ff

lfa
ll
fl
ka
allf
fall
lfal
llfallfa
gall
llll
nall
il
fallll
fallfall
llf
fallfall
flaf
fallfl
fallfa
password
drowssap
PASSWORD
Password
password0
password1
password2
password3
password4
password5
password6
password7
password8
password9
password00
password01
password02
password11
password12
password13
password21
password22
password23
password69
password77
password88
password99
password123
passworde
passwords
passwora
passwos
passwoa
passwoer
passwoie
passwo
passwy
passw123
passwman
passwdog
1password
thepassword
dassword
massword
passw0rd
password
password
pasword
paword
pasword
passord
pasw
passw1
passwor
passwo
passw
passwpassw
pssw
swpr
ssword
passwd
qasswo
ordpassw
word
sword
sswosswo
xass
swpswp
xassword
ssword
passrd
paswpasw
swp
passpass
pord
passwr
pordpo
